[sieuthuthuat.com/bin/index.html]
[backblue.gif]
[fade.gif]
[index.html]
[sieuthuthuat.com/bin/img/icon.png]
[maxcdn.bootstrapcdn.com/font-awesome/4.6.3/css/font-awesome.min.css]
[sieuthuthuat.com/bin/files/jquery-1.11.2.min.js]
[sieuthuthuat.com/bin/files/F4K_w78Gt0X.js]
[sieuthuthuat.com/bin/files/small.js]
[sieuthuthuat.com/bin/index.html]
[maxcdn.bootstrapcdn.com/font-awesome/4.6.3/css/font-awesome.min.css]
[sieuthuthuat.com/bin/files/css.html]
[sieuthuthuat.com/bin/files/3116cf7d5d85070c2c0d4b96bfee7d8d.html]
[sieuthuthuat.com/bin/files/style.css]
[sieuthuthuat.com/bin/fonts/fontawesome-webfont.a5b62.delayed]
[sieuthuthuat.com/bin/fonts/fontawesome-webfont.c5b62.delayed]
[sieuthuthuat.com/bin/fonts/fontawesome-webfont.d5b62.delayed]
[sieuthuthuat.com/bin/fonts/fontawesome-webfont.f5b62.delayed]
[sieuthuthuat.com/bin/files/font-awesome.min.css]
[sieuthuthuat.com/bin/fonts/fontawesome-webfont5b62.html]
[sieuthuthuat.com/bin/fonts/fontawesome-webfont5b62-2.html]
[sieuthuthuat.com/bin/fonts/fontawesome-webfont5b62-3.html]
[sieuthuthuat.com/bin/fonts/fontawesome-webfont5b62-4.html]
[sieuthuthuat.com/bin/fonts/fontawesome-webfont5b62.ttf]
[sieuthuthuat.com/bin/img/close.png]
[sieuthuthuat.com/bin/fonts/fontawesome-webfontd41d.eot]
[sieuthuthuat.com/bin/fonts/fontawesome-webfontd41d.eot]
[sieuthuthuat.com/bin/fonts/fontawesome-webfont5b62.ttf]
